{"source_commit": "local-uncommitted", "scope": "synthetic_local_contract_prototype", "tests": 63, "per_feature_tests": {"F2015": 13, "F2016": 12, "F2017": 11, "F2018": 12, "F2019": 15}, "passed": true, "failures": 0, "errors": 0, "actual_models": 0, "actual_participants": 0, "actual_robot_tests": 0, "release_ready": false, "pending": ["trained_models_and_licensed_weights", "consented_subject_split_evaluation_calibration", "physical_camera_microphone_robot", "production_auth_consent_epoch_events", "approved_thresholds", "Q1_R1_user_release_validation"]}
test_accept (test_F2015.TestF2015.test_accept) ... ok
test_consent (test_F2015.TestF2015.test_consent) ... ok
test_epoch (test_F2015.TestF2015.test_epoch) ... ok
test_foreign (test_F2015.TestF2015.test_foreign) ... ok
test_future (test_F2015.TestF2015.test_future) ... ok
test_low_confidence (test_F2015.TestF2015.test_low_confidence) ... ok
test_multiple_faces (test_F2015.TestF2015.test_multiple_faces) ... ok
test_nan (test_F2015.TestF2015.test_nan) ... ok
test_poor_lighting (test_F2015.TestF2015.test_poor_lighting) ... ok
test_probability_sum (test_F2015.TestF2015.test_probability_sum) ... ok
test_schema (test_F2015.TestF2015.test_schema) ... ok
test_stale (test_F2015.TestF2015.test_stale) ... ok
test_version (test_F2015.TestF2015.test_version) ... ok
test_accept (test_F2016.TestF2016.test_accept) ... ok
test_boolean (test_F2016.TestF2016.test_boolean) ... ok
test_clipping (test_F2016.TestF2016.test_clipping) ... ok
test_crossings (test_F2016.TestF2016.test_crossings) ... ok
test_nan (test_F2016.TestF2016.test_nan) ... ok
test_no_inference (test_F2016.TestF2016.test_no_inference) ... ok
test_noise_quality (test_F2016.TestF2016.test_noise_quality) ... ok
test_overlap (test_F2016.TestF2016.test_overlap) ... ok
test_range (test_F2016.TestF2016.test_range) ... ok
test_rms (test_F2016.TestF2016.test_rms) ... ok
test_silence (test_F2016.TestF2016.test_silence) ... ok
test_size (test_F2016.TestF2016.test_size) ... ok
test_ambiguous (test_F2017.TestF2017.test_ambiguous) ... ok
test_crisis_not_classified (test_F2017.TestF2017.test_crisis_not_classified) ... ok
test_english (test_F2017.TestF2017.test_english) ... ok
test_invalid_epoch (test_F2017.TestF2017.test_invalid_epoch) ... ok
test_invalid_time (test_F2017.TestF2017.test_invalid_time) ... ok
test_korean (test_F2017.TestF2017.test_korean) ... ok
test_negation (test_F2017.TestF2017.test_negation) ... ok
test_no_consent (test_F2017.TestF2017.test_no_consent) ... ok
test_other_person (test_F2017.TestF2017.test_other_person) ... ok
test_oversize (test_F2017.TestF2017.test_oversize) ... ok
test_quote (test_F2017.TestF2017.test_quote) ... ok
test_agreement (test_F2018.TestF2018.test_agreement) ... ok
test_conflict (test_F2018.TestF2018.test_conflict) ... ok
test_duplicate (test_F2018.TestF2018.test_duplicate) ... ok
test_empty (test_F2018.TestF2018.test_empty) ... ok
test_epoch (test_F2018.TestF2018.test_epoch) ... ok
test_evidence_no_raw (test_F2018.TestF2018.test_evidence_no_raw) ... ok
test_foreign (test_F2018.TestF2018.test_foreign) ... ok
test_missing (test_F2018.TestF2018.test_missing) ... ok
test_no_consent (test_F2018.TestF2018.test_no_consent) ... ok
test_normalised (test_F2018.TestF2018.test_normalised) ... ok
test_stale (test_F2018.TestF2018.test_stale) ... ok
test_time_skew (test_F2018.TestF2018.test_time_skew) ... ok
test_append (test_F2019.TestF2019.test_append) ... ok
test_capacity (test_F2019.TestF2019.test_capacity) ... ok
test_delete (test_F2019.TestF2019.test_delete) ... ok
test_duplicate (test_F2019.TestF2019.test_duplicate) ... ok
test_foreign (test_F2019.TestF2019.test_foreign) ... ok
test_foreign_result (test_F2019.TestF2019.test_foreign_result) ... ok
test_minimum (test_F2019.TestF2019.test_minimum) ... ok
test_new_epoch (test_F2019.TestF2019.test_new_epoch) ... ok
test_no_clinical_alert (test_F2019.TestF2019.test_no_clinical_alert) ... ok
test_no_raw (test_F2019.TestF2019.test_no_raw) ... ok
test_revoke (test_F2019.TestF2019.test_revoke) ... ok
test_revoke_replay (test_F2019.TestF2019.test_revoke_replay) ... ok
test_stale_result (test_F2019.TestF2019.test_stale_result) ... ok
test_ttl (test_F2019.TestF2019.test_ttl) ... ok
test_unknown (test_F2019.TestF2019.test_unknown) ... ok

----------------------------------------------------------------------
Ran 63 tests in 0.004s

OK
