{"source_commit": "local-uncommitted", "scope": "local_simulation", "tests": 65, "failures": 0, "errors": 0, "passed": true, "release_ready": false, "blockers": ["real_robot_not_connected", "actual_user_study_not_run", "production_auth_not_connected", "biometric_models_not_connected", "content_and_package_approval_pending", "NFC_presence_hardware_pending", "Q1_R1_approval_pending"], "features": ["F2004", "F2005", "F2006", "F2007", "F2157"], "actual_user_participants": 0}
test_candidate_not_auth (test_family.FamilyTests.test_candidate_not_auth) ... ok
test_confirmation_required (test_family.FamilyTests.test_confirmation_required) ... ok
test_expiry_guest (test_family.FamilyTests.test_expiry_guest) ... ok
test_foreign_profile (test_family.FamilyTests.test_foreign_profile) ... ok
test_manual_selection (test_family.FamilyTests.test_manual_selection) ... ok
test_nan_score (test_family.FamilyTests.test_nan_score) ... ok
test_profile_change_invalidates (test_family.FamilyTests.test_profile_change_invalidates) ... ok
test_profile_delete_invalidates (test_family.FamilyTests.test_profile_delete_invalidates) ... ok
test_stop_blocks (test_family.FamilyTests.test_stop_blocks) ... ok
test_switch_invalidates_previous (test_family.FamilyTests.test_switch_invalidates_previous) ... ok
test_end_requires_new_session (test_integration.IntegrationTests.test_end_requires_new_session) ... ok
test_metrics_no_free_text (test_integration.IntegrationTests.test_metrics_no_free_text) ... ok
test_policy_privacy_escalation_denied (test_integration.IntegrationTests.test_policy_privacy_escalation_denied) ... ok
test_policy_tampering_denied (test_integration.IntegrationTests.test_policy_tampering_denied) ... ok
test_profile_switch_invalidates_all_plans (test_integration.IntegrationTests.test_profile_switch_invalidates_all_plans) ... ok
test_success_never_releases_without_evidence (test_integration.IntegrationTests.test_success_never_releases_without_evidence) ... ok
test_admin_required (test_policy.PolicyTests.test_admin_required) ... ok
test_caller_mutation_isolated (test_policy.PolicyTests.test_caller_mutation_isolated) ... ok
test_consent_never_added (test_policy.PolicyTests.test_consent_never_added) ... ok
test_denied_mode (test_policy.PolicyTests.test_denied_mode) ... ok
test_failed_apply_preserves_previous (test_policy.PolicyTests.test_failed_apply_preserves_previous) ... ok
test_five_skus (test_policy.PolicyTests.test_five_skus) ... ok
test_guardian_required (test_policy.PolicyTests.test_guardian_required) ... ok
test_limits (test_policy.PolicyTests.test_limits) ... ok
test_nan_input (test_policy.PolicyTests.test_nan_input) ... ok
test_quiet (test_policy.PolicyTests.test_quiet) ... ok
test_unknown_sku (test_policy.PolicyTests.test_unknown_sku) ... ok
test_cancel_stales (test_companion.CompanionTests.test_cancel_stales) ... ok
test_duplicate (test_companion.CompanionTests.test_duplicate) ... ok
test_end (test_companion.CompanionTests.test_end) ... ok
test_greeting (test_companion.CompanionTests.test_greeting) ... ok
test_late_cloud_duplicate (test_companion.CompanionTests.test_late_cloud_duplicate) ... ok
test_no_actions (test_companion.CompanionTests.test_no_actions) ... ok
test_pet_denied (test_companion.CompanionTests.test_pet_denied) ... ok
test_quiet (test_companion.CompanionTests.test_quiet) ... ok
test_stop (test_companion.CompanionTests.test_stop) ... ok
test_switch_stales (test_companion.CompanionTests.test_switch_stales) ... ok
test_unknown_intent (test_companion.CompanionTests.test_unknown_intent) ... ok
test_call (test_pet.PetTests.test_call) ... ok
test_cooldown (test_pet.PetTests.test_cooldown) ... ok
test_duplicate (test_pet.PetTests.test_duplicate) ... ok
test_future (test_pet.PetTests.test_future) ... ok
test_play (test_pet.PetTests.test_play) ... ok
test_quiet (test_pet.PetTests.test_quiet) ... ok
test_rest_timer (test_pet.PetTests.test_rest_timer) ... ok
test_stale (test_pet.PetTests.test_stale) ... ok
test_stop_priority (test_pet.PetTests.test_stop_priority) ... ok
test_switch (test_pet.PetTests.test_switch) ... ok
test_touch (test_pet.PetTests.test_touch) ... ok
test_unknown (test_pet.PetTests.test_unknown) ... ok
test_epoch_change (test_theme.ThemeTests.test_epoch_change) ... ok
test_late_sequence (test_theme.ThemeTests.test_late_sequence) ... ok
test_model_denied (test_theme.ThemeTests.test_model_denied) ... ok
test_nan_ttl (test_theme.ThemeTests.test_nan_ttl) ... ok
test_partial_ack (test_theme.ThemeTests.test_partial_ack) ... ok
test_presence_expire (test_theme.ThemeTests.test_presence_expire) ... ok
test_registered (test_theme.ThemeTests.test_registered) ... ok
test_remove (test_theme.ThemeTests.test_remove) ... ok
test_sensor_failure (test_theme.ThemeTests.test_sensor_failure) ... ok
test_stale_commit (test_theme.ThemeTests.test_stale_commit) ... ok
test_timeout_during_prepare (test_theme.ThemeTests.test_timeout_during_prepare) ... ok
test_two_outfits (test_theme.ThemeTests.test_two_outfits) ... ok
test_unknown_default (test_theme.ThemeTests.test_unknown_default) ... ok
test_user_denied (test_theme.ThemeTests.test_user_denied) ... ok
test_wrong_receipt (test_theme.ThemeTests.test_wrong_receipt) ... ok

----------------------------------------------------------------------
Ran 65 tests in 0.035s

OK
