{"source_commit": "local-uncommitted", "scope": "synthetic_local_contract_prototype", "tests": 78, "per_feature_tests": {"F2020": 9, "F2021": 9, "F2022": 9, "F2023": 11, "F2024": 8, "F2025": 7, "F2129": 8, "F2130": 9, "F2131": 8}, "passed": true, "failures": 0, "errors": 0, "actual_tts_calls": 0, "actual_participants": 0, "actual_robot_tests": 0, "release_ready": false, "pending": ["physical_display_speaker_joints_feedback", "actual_tts_alignment_and_semantic_adapters", "licensed_assets_and_model_weights", "production_auth_privacy_and_cancel_events", "approved_motion_render_sync_limits", "actual_user_Q1_R1_release_validation"]}
test_blend (test_F2020.TestF2020.test_blend) ... ok
test_inject (test_F2020.TestF2020.test_inject) ... ok
test_intensity (test_F2020.TestF2020.test_intensity) ... ok
test_invalid_mouth (test_F2020.TestF2020.test_invalid_mouth) ... ok
test_mouth (test_F2020.TestF2020.test_mouth) ... ok
test_nan (test_F2020.TestF2020.test_nan) ... ok
test_pose (test_F2020.TestF2020.test_pose) ... ok
test_svg (test_F2020.TestF2020.test_svg) ... ok
test_unknown (test_F2020.TestF2020.test_unknown) ... ok
test_cloud (test_F2021.TestF2021.test_cloud) ... ok
test_locale (test_F2021.TestF2021.test_locale) ... ok
test_plan (test_F2021.TestF2021.test_plan) ... ok
test_quiet (test_F2021.TestF2021.test_quiet) ... ok
test_rate (test_F2021.TestF2021.test_rate) ... ok
test_style (test_F2021.TestF2021.test_style) ... ok
test_text_limit (test_F2021.TestF2021.test_text_limit) ... ok
test_voice (test_F2021.TestF2021.test_voice) ... ok
test_volume (test_F2021.TestF2021.test_volume) ... ok
test_clearance (test_F2022.TestF2022.test_clearance) ... ok
test_copy (test_F2022.TestF2022.test_copy) ... ok
test_joint_limit (test_F2022.TestF2022.test_joint_limit) ... ok
test_joint_schema (test_F2022.TestF2022.test_joint_schema) ... ok
test_plan (test_F2022.TestF2022.test_plan) ... ok
test_start_pose (test_F2022.TestF2022.test_start_pose) ... ok
test_time_order (test_F2022.TestF2022.test_time_order) ... ok
test_unknown (test_F2022.TestF2022.test_unknown) ... ok
test_velocity (test_F2022.TestF2022.test_velocity) ... ok
test_ack_all (test_F2023.TestF2023.test_ack_all) ... ok
test_cancel_block_new (test_F2023.TestF2023.test_cancel_block_new) ... ok
test_cancel_flush (test_F2023.TestF2023.test_cancel_flush) ... ok
test_clock_reverse (test_F2023.TestF2023.test_clock_reverse) ... ok
test_due (test_F2023.TestF2023.test_due) ... ok
test_duplicate (test_F2023.TestF2023.test_duplicate) ... ok
test_exactly_once (test_F2023.TestF2023.test_exactly_once) ... ok
test_foreign (test_F2023.TestF2023.test_foreign) ... ok
test_late_ack (test_F2023.TestF2023.test_late_ack) ... ok
test_late_cue (test_F2023.TestF2023.test_late_cue) ... ok
test_unknown_channel (test_F2023.TestF2023.test_unknown_channel) ... ok
test_agreement (test_F2024.TestF2024.test_agreement) ... ok
test_clearance (test_F2024.TestF2024.test_clearance) ... ok
test_greeting (test_F2024.TestF2024.test_greeting) ... ok
test_low_conf (test_F2024.TestF2024.test_low_conf) ... ok
test_not_executable (test_F2024.TestF2024.test_not_executable) ... ok
test_quiet (test_F2024.TestF2024.test_quiet) ... ok
test_stop (test_F2024.TestF2024.test_stop) ... ok
test_untrusted_intent (test_F2024.TestF2024.test_untrusted_intent) ... ok
test_clearance (test_F2025.TestF2025.test_clearance) ... ok
test_duration (test_F2025.TestF2025.test_duration) ... ok
test_plan (test_F2025.TestF2025.test_plan) ... ok
test_quiet (test_F2025.TestF2025.test_quiet) ... ok
test_repeat (test_F2025.TestF2025.test_repeat) ... ok
test_rights (test_F2025.TestF2025.test_rights) ... ok
test_stop (test_F2025.TestF2025.test_stop) ... ok
test_atomic_failure (test_F2129.TestF2129.test_atomic_failure) ... ok
test_copy (test_F2129.TestF2129.test_copy) ... ok
test_hash (test_F2129.TestF2129.test_hash) ... ok
test_injection (test_F2129.TestF2129.test_injection) ... ok
test_install (test_F2129.TestF2129.test_install) ... ok
test_rights (test_F2129.TestF2129.test_rights) ... ok
test_states (test_F2129.TestF2129.test_states) ... ok
test_unexpected_payload (test_F2129.TestF2129.test_unexpected_payload) ... ok
test_boundary (test_F2130.TestF2130.test_boundary) ... ok
test_cancel (test_F2130.TestF2130.test_cancel) ... ok
test_end (test_F2130.TestF2130.test_end) ... ok
test_gaze_limit (test_F2130.TestF2130.test_gaze_limit) ... ok
test_missing_alignment (test_F2130.TestF2130.test_missing_alignment) ... ok
test_negative_time (test_F2130.TestF2130.test_negative_time) ... ok
test_overlap (test_F2130.TestF2130.test_overlap) ... ok
test_unknown_viseme (test_F2130.TestF2130.test_unknown_viseme) ... ok
test_viseme (test_F2130.TestF2130.test_viseme) ... ok
test_candidate (test_F2131.TestF2131.test_candidate) ... ok
test_default (test_F2131.TestF2131.test_default) ... ok
test_discomfort (test_F2131.TestF2131.test_discomfort) ... ok
test_gpu_budget (test_F2131.TestF2131.test_gpu_budget) ... ok
test_insufficient (test_F2131.TestF2131.test_insufficient) ... ok
test_nan (test_F2131.TestF2131.test_nan) ... ok
test_no_rights (test_F2131.TestF2131.test_no_rights) ... ok
test_privacy (test_F2131.TestF2131.test_privacy) ... ok

----------------------------------------------------------------------
Ran 78 tests in 0.002s

OK
