{"source_commit": "local-uncommitted", "scope": "synthetic_local_prototype", "tests": 132, "failures": 0, "errors": 0, "passed": true, "per_feature_tests": {"F2008": 7, "F2009": 6, "F2010": 7, "F2011": 6, "F2012": 6, "F2013": 6, "F2014": 7, "F2121": 6, "F2122": 7, "F2123": 7, "F2126": 8, "F2205": 8, "F2206": 6, "F2207": 6, "F2208": 6, "F2209": 8, "F2210": 7, "F2211": 6, "F2212": 6, "F2213": 6}, "release_ready": false, "actual_provider_calls": 0, "actual_participants": 0, "policy_cpu_benchmark": {"samples": 100, "p50_ms": 0.0012619999552043737, "p95_ms": 0.001523000037195743, "scope": "pure function only; not real model or robot latency"}, "pending": ["real_provider_credentials", "microphone_camera_speaker_robot", "real_models_and_eval_data", "approved_thresholds_and_policies", "production_auth_privacy_billing", "Q1_R1_review"]}
test_accepted (test_F2008.TestF2008.test_accepted) ... ok
test_cooldown (test_F2008.TestF2008.test_cooldown) ... ok
test_duplicate (test_F2008.TestF2008.test_duplicate) ... ok
test_echo (test_F2008.TestF2008.test_echo) ... ok
test_low_score (test_F2008.TestF2008.test_low_score) ... ok
test_mute (test_F2008.TestF2008.test_mute) ... ok
test_stale (test_F2008.TestF2008.test_stale) ... ok
test_final (test_F2009.TestF2009.test_final) ... ok
test_late_partial (test_F2009.TestF2009.test_late_partial) ... ok
test_oversize (test_F2009.TestF2009.test_oversize) ... ok
test_partial (test_F2009.TestF2009.test_partial) ... ok
test_sequence (test_F2009.TestF2009.test_sequence) ... ok
test_stale_epoch (test_F2009.TestF2009.test_stale_epoch) ... ok
test_duplicate (test_F2010.TestF2010.test_duplicate) ... ok
test_foreign_actor (test_F2010.TestF2010.test_foreign_actor) ... ok
test_no_consent (test_F2010.TestF2010.test_no_consent) ... ok
test_normal (test_F2010.TestF2010.test_normal) ... ok
test_private_local (test_F2010.TestF2010.test_private_local) ... ok
test_risk_gate (test_F2010.TestF2010.test_risk_gate) ... ok
test_switch_during_generation (test_F2010.TestF2010.test_switch_during_generation) ... ok
test_append (test_F2011.TestF2011.test_append) ... ok
test_bounded (test_F2011.TestF2011.test_bounded) ... ok
test_cancel (test_F2011.TestF2011.test_cancel) ... ok
test_expiry (test_F2011.TestF2011.test_expiry) ... ok
test_foreign (test_F2011.TestF2011.test_foreign) ... ok
test_switch (test_F2011.TestF2011.test_switch) ... ok
test_all_ack_new_session (test_F2012.TestF2012.test_all_ack_new_session) ... ok
test_cancel (test_F2012.TestF2012.test_cancel) ... ok
test_late_output (test_F2012.TestF2012.test_late_output) ... ok
test_missing_ack (test_F2012.TestF2012.test_missing_ack) ... ok
test_old_ack_after_new_cancel (test_F2012.TestF2012.test_old_ack_after_new_cancel) ... ok
test_wrong_ack (test_F2012.TestF2012.test_wrong_ack) ... ok
test_english (test_F2013.TestF2013.test_english) ... ok
test_korean (test_F2013.TestF2013.test_korean) ... ok
test_llm_missing (test_F2013.TestF2013.test_llm_missing) ... ok
test_stt_missing (test_F2013.TestF2013.test_stt_missing) ... ok
test_tts_missing (test_F2013.TestF2013.test_tts_missing) ... ok
test_unsupported (test_F2013.TestF2013.test_unsupported) ... ok
test_adult_clear (test_F2014.TestF2014.test_adult_clear) ... ok
test_crisis_no_false_contact (test_F2014.TestF2014.test_crisis_no_false_contact) ... ok
test_harm (test_F2014.TestF2014.test_harm) ... ok
test_invalid_tag (test_F2014.TestF2014.test_invalid_tag) ... ok
test_medical (test_F2014.TestF2014.test_medical) ... ok
test_private (test_F2014.TestF2014.test_private) ... ok
test_unknown_age (test_F2014.TestF2014.test_unknown_age) ... ok
test_english_stop (test_F2121.TestF2121.test_english_stop) ... ok
test_korean_stop (test_F2121.TestF2121.test_korean_stop) ... ok
test_local (test_F2121.TestF2121.test_local) ... ok
test_no_substring_command (test_F2121.TestF2121.test_no_substring_command) ... ok
test_proposal_not_executed (test_F2121.TestF2121.test_proposal_not_executed) ... ok
test_unsupported (test_F2121.TestF2121.test_unsupported) ... ok
test_admission_not_inference (test_F2122.TestF2122.test_admission_not_inference) ... ok
test_bad_hash (test_F2122.TestF2122.test_bad_hash) ... ok
test_ram (test_F2122.TestF2122.test_ram) ... ok
test_thermal (test_F2122.TestF2122.test_thermal) ... ok
test_tool_denied (test_F2122.TestF2122.test_tool_denied) ... ok
test_tool_proposal (test_F2122.TestF2122.test_tool_proposal) ... ok
test_unsupported_runtime (test_F2122.TestF2122.test_unsupported_runtime) ... ok
test_cloud (test_F2123.TestF2123.test_cloud) ... ok
test_network (test_F2123.TestF2123.test_network) ... ok
test_no_execution (test_F2123.TestF2123.test_no_execution) ... ok
test_privacy (test_F2123.TestF2123.test_privacy) ... ok
test_quota (test_F2123.TestF2123.test_quota) ... ok
test_safety (test_F2123.TestF2123.test_safety) ... ok
test_unapproved (test_F2123.TestF2123.test_unapproved) ... ok
test_amplitude (test_F2126.TestF2126.test_amplitude) ... ok
test_frame_mismatch (test_F2126.TestF2126.test_frame_mismatch) ... ok
test_impossible_delay (test_F2126.TestF2126.test_impossible_delay) ... ok
test_mean_beam (test_F2126.TestF2126.test_mean_beam) ... ok
test_nan (test_F2126.TestF2126.test_nan) ... ok
test_reference_subtraction (test_F2126.TestF2126.test_reference_subtraction) ... ok
test_zero_doa (test_F2126.TestF2126.test_zero_doa) ... ok
test_zero_spacing (test_F2126.TestF2126.test_zero_spacing) ... ok
test_cloud (test_F2205.TestF2205.test_cloud) ... ok
test_invalid_bool (test_F2205.TestF2205.test_invalid_bool) ... ok
test_no_consent (test_F2205.TestF2205.test_no_consent) ... ok
test_repeat (test_F2205.TestF2205.test_repeat) ... ok
test_robot_denied (test_F2205.TestF2205.test_robot_denied) ... ok
test_safety_priority (test_F2205.TestF2205.test_safety_priority) ... ok
test_sensitive (test_F2205.TestF2205.test_sensitive) ... ok
test_visual (test_F2205.TestF2205.test_visual) ... ok
test_extra_secret_field (test_F2206.TestF2206.test_extra_secret_field) ... ok
test_invalid_usage (test_F2206.TestF2206.test_invalid_usage) ... ok
test_oversize (test_F2206.TestF2206.test_oversize) ... ok
test_sanitized_error (test_F2206.TestF2206.test_sanitized_error) ... ok
test_two_adapters (test_F2206.TestF2206.test_two_adapters) ... ok
test_unapproved (test_F2206.TestF2206.test_unapproved) ... ok
test_closed (test_F2207.TestF2207.test_closed) ... ok
test_no_consent (test_F2207.TestF2207.test_no_consent) ... ok
test_sequence (test_F2207.TestF2207.test_sequence) ... ok
test_stale_epoch (test_F2207.TestF2207.test_stale_epoch) ... ok
test_unneeded_video (test_F2207.TestF2207.test_unneeded_video) ... ok
test_video (test_F2207.TestF2207.test_video) ... ok
test_expiry (test_F2208.TestF2208.test_expiry) ... ok
test_foreign (test_F2208.TestF2208.test_foreign) ... ok
test_no_match (test_F2208.TestF2208.test_no_match) ... ok
test_own (test_F2208.TestF2208.test_own) ... ok
test_unconfirmed (test_F2208.TestF2208.test_unconfirmed) ... ok
test_unshared_cloud (test_F2208.TestF2208.test_unshared_cloud) ... ok
test_cancel_once (test_F2209.TestF2209.test_cancel_once) ... ok
test_concurrent_budget (test_F2209.TestF2209.test_concurrent_budget) ... ok
test_conflict (test_F2209.TestF2209.test_conflict) ... ok
test_idempotent (test_F2209.TestF2209.test_idempotent) ... ok
test_overspend (test_F2209.TestF2209.test_overspend) ... ok
test_reservation (test_F2209.TestF2209.test_reservation) ... ok
test_settle (test_F2209.TestF2209.test_settle) ... ok
test_usage_above_reserved (test_F2209.TestF2209.test_usage_above_reserved) ... ok
test_duplicate_sample (test_F2210.TestF2210.test_duplicate_sample) ... ok
test_future (test_F2210.TestF2210.test_future) ... ok
test_nan (test_F2210.TestF2210.test_nan) ... ok
test_poor_network (test_F2210.TestF2210.test_poor_network) ... ok
test_reset_recovery (test_F2210.TestF2210.test_reset_recovery) ... ok
test_stale (test_F2210.TestF2210.test_stale) ... ok
test_three_recoveries (test_F2210.TestF2210.test_three_recoveries) ... ok
test_no_consent (test_F2211.TestF2211.test_no_consent) ... ok
test_public (test_F2211.TestF2211.test_public) ... ok
test_safety (test_F2211.TestF2211.test_safety) ... ok
test_sensitive (test_F2211.TestF2211.test_sensitive) ... ok
test_unapproved (test_F2211.TestF2211.test_unapproved) ... ok
test_unknown (test_F2211.TestF2211.test_unknown) ... ok
test_all_fail (test_F2212.TestF2212.test_all_fail) ... ok
test_invalid_reply (test_F2212.TestF2212.test_invalid_reply) ... ok
test_partial_output (test_F2212.TestF2212.test_partial_output) ... ok
test_second_provider (test_F2212.TestF2212.test_second_provider) ... ok
test_single_final (test_F2212.TestF2212.test_single_final) ... ok
test_too_many (test_F2212.TestF2212.test_too_many) ... ok
test_counts (test_F2213.TestF2213.test_counts) ... ok
test_empty (test_F2213.TestF2213.test_empty) ... ok
test_nan (test_F2213.TestF2213.test_nan) ... ok
test_negative_usage (test_F2213.TestF2213.test_negative_usage) ... ok
test_no_raw_text (test_F2213.TestF2213.test_no_raw_text) ... ok
test_quantile (test_F2213.TestF2213.test_quantile) ... ok

----------------------------------------------------------------------
Ran 132 tests in 0.010s

OK
